// Jest Snapshot v1, https://goo.gl/fbAQLP

exports[`Noorse Box should render correct snapshots 1`] = `
Object {
  "body": <body></body>,
  "build": Object {
    "allRenderFn": false,
    "cssAnnotations": true,
    "hasRenderFn": true,
    "hydrateClientSide": false,
    "hydrateServerSide": false,
    "isDev": true,
    "lazyLoad": true,
    "member": true,
    "observeAttribute": true,
    "prop": true,
    "propString": true,
    "reflect": true,
    "scoped": true,
    "shadowDom": true,
    "slot": true,
    "slotRelocation": true,
    "style": true,
    "svg": true,
    "taskQueue": true,
    "updatable": true,
    "vdomAttribute": true,
    "vdomClass": true,
    "vdomFunctional": true,
    "vdomKey": true,
    "vdomListener": true,
    "vdomRef": true,
    "vdomRender": true,
    "vdomStyle": true,
    "vdomText": true,
  },
  "doc": ,
  "flush": [Function],
  "flushLoadModule": [Function],
  "flushQueue": [Function],
  "root": <noorse-box header="header">
  <!---->
  <div class="box">
    <h1>
      header
    </h1>
    content
  </div>
</noorse-box>,
  "rootInstance": NoorseBox {},
  "setContent": [Function],
  "styles": Map {},
  "waitForChanges": [Function],
  "win": [MockWindow],
}
`;
